[0m[1;1H[2J[34mЭЭЭЭЭЭЭЭЭЭЭЭЭЭЭЭЭЭЭЭЭЭЭЭЭЭЭЭЭЭЭЭЭЭЭЭЭЭЭЭЭЭЭЭЭЭЭЭЭЭЭЭЭЭЭЭЭЭЭЭЭЭЭЭЭЭЭЭЭЭЭЭЭЭЭЭЭЭЭ

ЭЭЭЭЭЭЭЭЭЭЭЭЭЭЭЭЭЭЭЭЭЭЭЭЭЭЭЭЭЭЭЭЭЭЭЭЭЭЭЭЭЭЭЭЭЭЭЭЭЭЭЭЭЭЭЭЭЭЭЭЭЭЭЭЭЭЭЭЭЭЭЭЭЭЭЭЭЭЭ
[0mБББББББББББББББББББББББББББББББББББББББББББББББББББББББББББББББББББББББББББББББ
БББББББББББББББББББББББББББББББББББББББББББББББББББББББББББББББББББББББББББББББ
БББББББББББББББББББББББББББББББББББББББББББББББББББББББББББББББББББББББББББББББ
БББББББББББББББББББББББББББББББББББББББББББББББББББББББББББББББББББББББББББББББ
БББББББББББББББББББББББББББББББББББББББББББББББББББББББББББББББББББББББББББББББ
БББББББББББББББББББББББББББББББББББББББББББББББББББББББББББББББББББББББББББББББ
БББББББББББББББББББББББББББББББББББББББББББББББББББББББББББББББББББББББББББББББ
БББББББББББББББББББББББ[30;47m Mystic BBS System Configuration [0mБББББББББББББББББББББББ
БББББББББББББББББББББББББББББББББББББББББББББББББББББББББББББББББББББББББББББББ
ББББББББББББББББББББББББББББББ[30;47m www.mysticbbs.com [0mББББББББББББББББББББББББББББББ
БББББББББББББББББББББББББББББББББББББББББББББББББББББББББББББББББББББББББББББББ
БББББББББББББББББББББББББББББББББББББББББББББББББББББББББББББББББББББББББББББББ
БББББББББББББББББББББББББББББББББББББББББББББББББББББББББББББББББББББББББББББББ
БББББББББББББББББББББББББББББББББББББББББББББББББББББББББББББББББББББББББББББББ
БББББББББББББББББББББББББББББББББББББББББББББББББББББББББББББББББББББББББББББББ
БББББББББББББББББББББББББББББББББББББББББББББББББББББББББББББББББББББББББББББББ
БББББББББББББББББББББББББББББББББББББББББББББББББББББББББББББББББББББББББББББББ
БББББББББББББББББББББББББББББББББББББББББББББББББББББББББББББББББББББББББББББББ
БББББББББББББББББББББББББББББББББББББББББББББББББББББББББББББББББББББББББББББББ
[34mФФФФФФФФФФФФФФФФФФФФФФФФФФФФФФФФФФФФФФФФФФФФФФФФФФФФФФФФФФФФФФФФФФФФФФФФФФФФФФФ