[40m|CL[0;1;34mзддддддддддддддддддддддддддддддддддддддддддддддддддддддддддддддддддддддддддддд©[2;1HЁ[44m ╠ [37mFile Listing                                                              [0;34mЁ[3;1H[1mю[0;34mддддддддддддддддддддддддддддддддддддддддддддддддддддддддддддддддддддддддддддды[22;1H[1mддддддддддддддддддддддддддддддддддддддддддддддддддддддддддддддддддддддддддддддд[2;37H[37;44m|$L40|FB[4;1H[0m|!1[21;1H|!2[23;1H|!3[2;38H[1;44m|!4[0m