[40m|CL[0;36mFrom[C:[C[1;33m|$R40|&1[C[0;36mMsg[C#[4C:[C[1;33m|&5[C[0;36mof[C[1;33m|&6[2;1H[0;36mTo[3C:[C[1;32m|$R40|&2[C[0;36mMsg[CDate[C:[C[1;32m|&4 |&0[3;1H[0;36mSubj[C:[C[1;31m|$R40|&3[C[0;36mRefer[Cto[C:[C[1;31m|&7[4;1H[0;36mStat[C:[C[1;35m|$R40|&9[C[0;36mSee[CAlso[C:[C[1m|&8[5;1H[34mДДДДДДДДДДДДДДДДДДДДДДДДДДДДДДДДДДДДДДДДДДДДДДДДДДДДДДДДДДДДДДДДДДДДДДДДДДДДДДД[22;1HДДДДДДДДДДДДДДДДДДДДДДДДДДДДДДДДДДДДДДДДДДДДДДДДДДДДДДДДДДДДДДДДДДДДДДДДДДДДДДД[23;1H[32mReading[0;32m:[61C[1m?[C[0;32mfor[CHelp[6;1H[37m|!1[21;1H|!2[23;10H|MB[0m