[0m[1;1H[2J[1;30mษอออออออออออออออออออออออออออออออออออออออออออออออออออออออออออออออออออออออออออออป
บ[77Cบ
ศอออออออออออออออออออออออออออออออออออออออออออออออออออออออออออออออออออออออออออออผ



[61C[33mฒ
[0;35mÜÜ[11C[1;30mÜÜ    [0mฐ[30;47mฒ[40m[24C[1;35mÜÜÜÜÜ[10C[33mฑÛฑ[0mฐ[30;47mฒ[40m[9C[0mฐ[30;47mฒ[1;40mgj!
 [35;45mÞÛÜ[0;35mÜ[5C[1;30mþ ฿  Ý [0;35mฐฐ[1mฐ[45mÞ[37;47mÛÛ[35;45mÛÝ[40m[6C[30mÝ[6C[37;45mÜ[35;40mÜÜÜÜ[0;35mÜ[1mÜÛ[37;47mÛÛ[35;40mÛ[37mÛ[35mÜÜÜÜ[33m฿ ฿฿Û[37mÛÛ[33mÛÛÛฒ฿฿[0;35mÜ[1mÜÜÜÜÜ[45mÜÛÛÜ[0;35mÜ
 [1mฐÛ[37;47mÛÛ[35;45mÜ[0;35mÜ[6C[1;30mÜ฿[0;35mÜ[1;45mÜÛÛÛÞÛÛÛÝ[40m [30;47mฒ[40m฿฿  ฿  [0;35mÜ[1;45mÜÛÛÛÛÛÛ[40mฒ[0;35mฐ[1;45m฿ÛÛÛÛÛ฿฿฿฿[40m    [33mÜÛÛÛÛฒÜ[0;35m฿[1mÛÛ[37;47mÛÛ[35;40mÛ[37;47mÛ[35;40mÛÛÛÛÛฑ[30mþ
[37;47m฿[40m [35mฒÛÛÛÛ[45mÜ[0;35mÜ[1;30m฿Û[47mฒ[40m฿[0;35mÜ[1mÛÛ[37;47mÛ[35;40mÛÛฒ[45mÞÛÛÛÝ[40m [30;45mฒ[40m [35;45mÞÛÛÛฒฑฒÛÛÛÜ[0;35mÜ  [1;30mÜÜ [35;45mฒÛÛÛฒ[40m [30mÜ [35mÜÜÜ [33m฿฿[35mÜÜÜÜÜ[33m฿฿[0;35mÞ[1;45mÛฒ[40m [30mÜÜ [0;35mÜ[1mÛÛÛ[0;35mÝ[1;30mÞ
[47mฒ[40m [35mฑ[45mฒฒฒ[40mÛ฿[45m฿Û[40mÜÜÛ[45m฿[40m฿Û[45mฒฒฒฐ[0;35mÞ[1mฒ[45mฒฒฒ[40mÜ  [45mÞฒฒฒฑ[40m ฿[45m฿ÛÛฒฒฑฐ[0;35mÜ[1;30m฿ [35;45mฐฒฒฒฐ[40m [30;45mฒ[40m [35;45mฒฒÜฑฐ[40m [37;47mÛÛ[35;40mÛÛฑฐฒ[45mฒฒฑ[40m [30mฒ [0;35mÞ[1mฒ[45mฒฒฐ[40m [30;47mฒ
[40m฿ [0;35mÛ[1;45mฐฐฐ[0;35mÛ  ฿[1;45m฿฿[40m฿  [45m ฐฐฐ [40m [0;35m฿[1;45mฐฐฐฐ [0;35mÜÛ[1;45mฐฐฐ [40m [30m฿  [0;35m฿฿[1;45mฐฐฐฐ [40m [45m ฐฐฐ [0;35mÝ[1;30mฑ [35;45mฐฐฐฐ [40mฐ[45mฒฒฒฒ[40mฒ[0;35mÛ[1mฑ[45mฐฐฐ[0;35mÝ[1;30m฿ [35;45mฐฐฐ [40mฐ [30;45mฐ
[0;35mฐฐฒÛÛÛÛ [1;30;45mฒ[40mÜÜÜÜฒ [0;35mÛÛÛÛÛ [1;30mฑÜ [0;35m฿฿฿฿ÛÛÛÛฒÛÛÛÛÛÛÛÛÛÛฒฑ ฿ÛÛÛÛÜÜÛÛÛÛÛ[1mฑ[45mฐฐฐฐฐ[40m [0;35m฿ÛÛÛÛÜÜÜÜÜ [1;30mÜÜÛ
ÜÜþ [0;35m฿฿ฒ [1;30mฑ  ฐฐฒÜÜÜÜÜÜÜฒ฿฿฿฿฿ [0;35mฐÛÛÛ ฒฒฒÛÛÛฒ฿฿฿฿ [1;30mÞÜÜ [0;35m฿฿฿฿฿฿฿฿  ฿฿฿฿฿    ฿฿฿฿฿฿฿ [1;30mÝฐฐ
[8Cฐ[12CÝ[6C[0;35mฐฐ[11C[1;30mþ    Þ฿฿฿฿฿฿฿฿฿฿฿฿฿ ฿[14C฿Ü
[21C฿ÜÜ[18C฿ ÜÜ฿





+++ฤฤฤฤฤฤฤฤฤฤฤฤฤฤฤฤฤฤฤฤฤฤฤฤฤฤฤฤฤฤฤฤฤฤฤฤฤฤฤฤฤฤฤฤฤฤฤฤฤฤฤฤฤฤฤฤฤฤฤฤฤฤ ฤฤฤ ฤฤ  ฤ ฤ ๚
:[0m:[1m: