[0m[1;1H[2J[1;30mษอออออออออออออออออออออออออออออออออออออออออออออออออออออออออออออออออออออออออออออป
บ[77Cบ
ศอออออออออออออออออออออออออออออออออออออออออออออออออออออออออออออออออออออออออออออผ



[61C[33mฒ
[0;34mÜÜ[11C[1;30mÜÜ    [0mฐ[30;47mฒ[40m[24C[1;34mÜÜÜÜÜ[10C[33mฑÛฑ[0mฐ[30;47mฒ[40m[9C[0mฐ[30;47mฒ[1;40mgj!
 [34;44mÞ[40mÛ[44mÜ[0;34mÜ[5C[1;30mþ ฿  Ý [0;34mฐฐ[1mฐ[44mÞ[36;40mÛÛ[34;44mÛÝ[40m[6C[30mÝ[6C[36;44mÜ[34;40mÜÜÜÜ[0;34mÜ[1mÜÛ[36mÛÛ[34mÛ[36mÛ[34mÜÜÜÜ[33m฿ ฿฿Û[37mÛÛ[33mÛÛÛฒ฿฿[0;34mÜ[1mÜÜÜÜÜ[44mÜÛÛÜ[0;34mÜ
 [1mฐÛ[36mÛÛ[34;44mÜ[0;34mÜ[6C[1;30mÜ฿[0;34mÜ[1;44mÜÛÛÛÞÛÛÛÝ[40m [30;47mฒ[40m฿฿  ฿  [0;34mÜ[1;44mÜ[40mÛÛÛÛÛÛฒฐ[44m฿[40mÛÛÛÛÛ[44m฿฿฿฿[40m    [33mÜÛÛÛÛฒÜ[0;34m฿[1mÛÛ[36mÛÛ[34mÛ[36mÛ[34mÛÛÛÛÛฑ[30mþ
[36;47m฿[40m [34mฒÛÛÛÛ[44mÜ[0;34mÜ[1;30m฿Û[47mฒ[40m฿[0;34mÜ[1;44mÛÛ[36;40mÛ[34;44mÛÛ[40mฒ[44mÞÛÛÛÝ[40m [30;44mฒ[40m [34;44mÞÛÛÛฒฑฒ[40mÛÛÛ[44mÜ[0;34mÜ  [1;30mÜÜ [34mฒÛÛÛฒ [30mÜ [34mÜÜÜ [33m฿฿[34mÜÜÜÜÜ[33m฿฿[0;34mÞ[1mÛ[44mฒ[40m [30mÜÜ [0;34mÜ[1mÛÛÛ[0;34mÝ[1;30mÞ
[47mฒ[40m [34mฑ[44mฒฒฒ[40mÛ฿[44m฿Û[40mÜÜ[44mÛ฿[40m฿[44mÛฒฒฒ[40mฑ[0;34mÞ[1mฒ[44mฒฒฒ[0;34mÜ  [1;44mÞฒฒฒฑ[40m [0;34m฿[1;44m฿[40mÛÛ[44mฒฒฑฐ[0;34mÜ[1;30m฿ [34;44mฐฒฒฒฐ[40m [30;44mฒ[40m [34;44mฒฒÜฑฐ[40m [36mÛÛ[34mÛÛฒฐฒ[44mฒฒฑ[40m [30mฒ [0;34mÞ[1mฒ[44mฒฒฐ[40m [30;47mฒ
[40m฿ [0;34mÛ[1;44mฐฐฐ[0;34mÛ  ฿[1;44m฿฿[0;34m฿  Û[1;44mฐฐฐ[0;34mÛ ฿[1;44mฐฐฐฐ[0;34mÛÜÛ[1;44mฐฐฐ[0;34mÛ [1;30m฿  [0;34m฿฿[1;44mฐฐฐฐ[0;34mÛ Û[1;44mฐฐฐ[0;34mÛÝ[1;30mฑ [34;44mฐฐฐฐ[0;34mÛ[1mฐ[44mฒฒฒฒ[40mฒ[0;34mÛ[1mฑ[44mฐฐฐ[0;34mÝ[1;30m฿ [34;44mฐฐฐ[0;34mÛ[1mฐ [30;44mฒ
[0;34mฐฐฒÛÛÛÛ [1;30;44mฒ[40mÜÜÜÜฒ [0;34mÛÛÛÛÛ [1;30mฑÜ [0;34m฿฿฿฿ÛÛÛÛฒÛÛÛÛÛÛÛÛÛÛฒฑ ฿ÛÛÛÛÜÜÛÛÛÛÛ[1mฑ[44mฐฐฐฐฐ[40m [0;34m฿ÛÛÛÛÜÜÜÜÜ [1;30mÜÜÛ
ÜÜþ [0;34m฿฿ฒ [1;30mฑ  ฐฐฒÜÜÜÜÜÜÜฒ฿฿฿฿฿ [0;34mฒÛÛÛ ฒฒฒÛÛÛฒ฿฿฿฿ [1;30mÞÜÜ [0;34m฿฿฿฿฿฿฿฿  ฿฿฿฿฿    ฿฿฿฿฿฿฿ [1;30mÝฐฐ
[8Cฐ[12CÝ[6C[0;34mฐฐ[11C[1;30mþ    Þ฿฿฿฿฿฿฿฿฿฿฿฿฿ ฿[14C฿Ü
[21C฿ÜÜ[18C฿ ÜÜ฿





+++ฤฤฤฤฤฤฤฤฤฤฤฤฤฤฤฤฤฤฤฤฤฤฤฤฤฤฤฤฤฤฤฤฤฤฤฤฤฤฤฤฤฤฤฤฤฤฤฤฤฤฤฤฤฤฤฤฤฤฤฤฤฤ ฤฤฤ ฤฤ  ฤ ฤ ๚
:[0m:[1m: