[40m|CL[0;1;34mÚÄÄÄÄÄÄÄÄÄÄÄÄÄÄÄÄÄÄÄÄÄÄÄÄÄÄÄÄÄÄÄÄÄÄÄÄÄÄÄÄÄÄÄÄÄÄÄÄÄÄÄÄÄÄÄÄÄÄÄÄÄÄÄÄÄÄÄÄÄÄÄÄÄÄÄÄÄ¿
³[44m ° [37mMystic ANSI Gallery                                                  Help [34;40m³
ÀÄÄÄÄÄÄÄÄÄÄÄÄÄÄÄÄÄÄÄÄÄÄÄÄÄÄÄÄÄÄÄÄÄÄÄÄÄÄÄÄÄÄÄÄÄÄÄÄÄÄÄÄÄÄÄÄÄÄÄÄÄÄÄÄÄÄÄÄÄÄÄÄÄÄÄÄÄÙ

 |15Movement commands:|07

 Up arrow                          Move up one file in the listing
 Down arrow                        Move down one file in the listing
 Left arrow  / Page Up key         Move up one page in the listing
 Right arrow / Page Down key       Move down one page in the listing
 Home key                          Move to the beginning of the listing
 End key                           Move to the end of the listing

 |15Other commands:|07

 Backspace        Move to the previous directory
 Enter            View selected file or change to selected directory
 !                Download currently selected file
 Escape           Quit the viewer

 |15* Pressing a letter will jump to files beginning with that letter

 |PA