[40m|CL[0;1;34mзддддддддддддддддддддддддддддддддддддддддддддддддддддддддддддддддддддддддддддд[0;34m©[2;1H[1mЁ[44m ╠ [37mMessage Index Listing            |$L40|MB [0;34mЁ[3;1H[1mю[0;34mддддддддддддддддддддддддддддддддддддддддддддддддддддддддддддддддддддддддддддды[4;4H[1;32m#[0;32m#[C[1mS[0;32mubject[34C[1mF[0;32mrom[12C[1mT[0;32mo[5;2H[1;34mддддддддддддддддддддддддддддддддддддддддддддддддддддддддддддддддддддддддддддд[22;2Hддддддддддддддддддддддддддддддддддддддддддддддддддддддддддддддддддддддддддддд[23;2H[0;34m([37mArrows[34m)[C[1mMove[4C[0;34m([37mESC[34m)[C[1mQuit[4C[0;34m([37mENTER[34m)[C[1mRead[4C[0;34m([37mG[34m)[C[1mGoto[CNext[CBase[4C[0;34m([37m?[34m)[C[1mHelp[6;1H[0m|!1[21;1H|!2[23;1H|!3[0m