[40m|CL[40m
[0;1;34m  [0m>> Search for area:
 [1;34mздддддддддддддддддддддддддддддддддддддддддддддддддддддддддддддддддддддддддддд©
 Ё[44m ╟ [37mArea Description                                  Msgs      New    Yours [34;40mЁ
 цдддддддддддддддддддддддддддддддддддддддддддддддддддддддддддддддддддддддддддд╢
 Ё[76C[44m [D[40m
 Ё[76CЁ
 Ё[76CЁ
 Ё[76CЁ
 Ё[76CЁ
 Ё[76CЁ
 Ё[76CЁ
 Ё[76CЁ
 Ё[76CЁ
 Ё[76CЁ
 Ё[76CЁ
 Ё[76CЁ
 Ё[76CЁ
 Ё[76CЁ
 Ё[76C[44m [D[40m
 цдддддддддддддддддддддддддддддддддддддддддддддддддддддддддддддддддддддддддддд╢
 Ё[76CЁ
 юдддддддддддддддддддддддддддддддддддддддддддддддддддддддддддддддддддддддддддды[0m