[40m|CL[0;1;34mзддддддддддддддддддддддддддддддддддддддддддддддддддддддддддддддддддддддддддддд[0;34m©[2;1H[1mЁ[44m ╠ [37mMultinode Teleconference                                                  [0;34mЁ[3;1H[1mю[0;34mддддддддддддддддддддддддддддддддддддддддддддддддддддддддддддддддддддддддддддды[4;2H[1;32mChannel[C[30m->[57C[32m/?[C[0;32mfor[CHelp[5;4H[1mTopic[C[30m->[6;1H[34mддддддддддддддддддддддддддддддддддддддддддддддддддддддддддддддддддддддддддддддд[22;1Hддддддддддддддддддддддддддддддддддддддддддддддддддддддддддддддддддддддддддддддд[4;13H[0m|!4[5;13H|!5[7;1H|!1[21;1H|!2[23;1H|!3[0m