[0m[1;1H[2J












[1;36mД[34mД[0;34mДД[1mДД[0;34mД[1mД[0;34mДДДДДДДДДДДДДДДДДДДДДДДДД [1;33mQuote Window [0;34mДДДДДДДДДДДДДДДДДДДДД[1mД[0;34mД[1mДД[0;34mДД[1mД[0;34mДД[1mД[36mД








Д[34mД[0;34mДД[1mДД[0;34mД[1mДД[0;34mДДДДДДДДДДДДДДДДДДД [1;36mEnter[0;36m/[1mAdd  Escape[0;36m/[1mQuit [0;34mДДДДДДДДДДДДДДДДДДДДДДДДДДД